// Jest Snapshot v1, https://goo.gl/fbAQLP

exports[`BookCard renders correctly 1`] = `
.c0 {
  position: relative;
  min-width: 0;
  display: grid;
  grid-template-columns: 40% 60%;
  grid-gap: 10px;
  padding: 10px;
  background: var(--primary-white);
  background: var(--primary-background-gradient);
  border: 2px solid var(--dark-blue);
  border-radius: 3px;
}

.c0 h3 {
  margin: 10px;
}

.c0 h4 {
  display: inline;
  margin: 10px;
}

.c0 img {
  width: 100%;
}

<div
  class="c0"
>
  <img
    alt=""
    src="blub"
  />
  <div>
    <h3>
      Buchtitel
    </h3>
    <span>
      von
      <h4>
        Buchautor
      </h4>
    </span>
    <p>
      Buchbeschreibung
    </p>
  </div>
</div>
`;
