// Jest Snapshot v1, https://goo.gl/fbAQLP

exports[`CircleButton renders correctly 1`] = `
.c0 {
  background: var(--light-rose);
  border-radius: 45px;
  border: none;
  height: 45px;
  margin-right: 8px;
  padding: 12px;
  width: 45px;
}

.c0 svg .st0 {
  fill: var(--accent-color);
}

<button
  class="c0"
/>
`;
