// Jest Snapshot v1, https://goo.gl/fbAQLP

exports[`BookList renders correctly 1`] = `
.c3 {
  background: var(--accent-color);
  border-radius: 3px;
  border: none;
  color: var(--primary-anthrazit);
  font-family: 'Kaushan Script',cursive;
  font-size: 1.2em;
  grid-column: 2 / -1;
  justify-self: end;
  width: 100%;
}

.c1 {
  display: grid;
  grid-gap: 10px;
  grid-template-columns: 40% 60%;
  grid-template-rows: 1fr 45px;
  min-width: 0;
  padding: 10px;
  position: relative;
}

.c1 h3 {
  margin: 0;
}

.c1 h4 {
  display: inline;
  margin: 10px;
}

.c1 span {
  margin: 0 0 0 3.5px;
}

.c1 p {
  margin: 15px 5px 0 3px;
}

.c2 {
  grid-column: 1 / span 1;
  grid-row: 1 / span 2;
  justify-self: stretch;
}

.c0 {
  display: grid;
  grid-gap: 10px;
  grid-template-rows: 1fr auto;
  padding: 10px;
}

.c0 h2 {
  margin: 0;
  text-align: left;
}

<ol
  class="c0"
>
  <h2>
    Bücheregal
  </h2>
  <li
    class="c1"
  >
    <img
      alt="The Witcher, Band 2 - Fuchskinder"
      class="c2"
      src="http://books.google.com/books/content?id=6D13DwAAQBAJ&printsec=frontcover&img=1&zoom=1&edge=curl&source=gbs_api"
    />
    <div>
      <h3>
        The Witcher, Band 2 - Fuchskinder
      </h3>
      <span>
        von
        <h4>
          Paul Tobin
        </h4>
      </span>
    </div>
    <button
      class="c3"
    >
      Buch entfernen.
    </button>
    <button
      class="c3"
    >
      Mehr über's Buch
    </button>
  </li>
</ol>
`;
