// Jest Snapshot v1, https://goo.gl/fbAQLP

exports[`BookCard renders correctly 1`] = `
.c2 {
  background: var(--light-rose);
  border-radius: 3px;
  border: none;
  color: var(--primary-antrazit);
  font-family: 'Kaushan Script',cursive;
  font-size: 1.2em;
  width: 100%;
}

.c0 {
  background: var(--primary-background-gradient);
  background: var(--primary-white);
  border-radius: 3px;
  border: 2px solid var(--dark-blue);
  display: grid;
  grid-gap: 10px;
  grid-template-columns: 40% 60%;
  grid-template-rows: 1fr 45px;
  min-width: 0;
  padding: 10px;
  position: relative;
}

.c0 h3 {
  color: var(--dark-blue);
  margin: 0;
}

.c0 h4 {
  display: inline;
  margin: 10px;
}

.c0 span {
  margin: 0 0 0 3.5px;
}

.c0 p {
  margin: 15px 5px 0 3px;
}

.c1 {
  grid-column: 1 / span 1;
  grid-row: 1 / span 2;
  justify-self: stretch;
}

<li
  class="c0"
>
  <img
    alt="Paul Tobin"
    class="c1"
    src="beautiful picture"
  />
  <div>
    <h3>
      Paul Tobin
    </h3>
    <span>
      von
      <h4>
        Buchautor
      </h4>
    </span>
  </div>
  <button
    class="c2"
  >
    Buch hinzufügen.
  </button>
</li>
`;
